[       4ms] [ERROR] ./app/coming-soon/page.tsx:154:11
Expected corresponding JSX closing tag for <main>
  152 |               </div>
  153 |             </div>
> 154 |         </div>
      |           ^^^
  155 |
  156 |             {/* RIGHT COLUMN — 3D GIF, Description, Stay tuned */}
  157 |             <div className="flex flex-col">

Parsing ecmascript source code failed @ http://localhost:3000/_next/static/chunks/01vs_next_dist_0z7rf41._.js:3318
[      43ms] [ERROR] Failed to load resource: the server responded with a status of 500 (Internal Server Error) @ http://localhost:3000/coming-soon:0
[     184ms] [INFO] %cDownload the React DevTools for a better development experience: https://react.dev/link/react-devtools font-weight:bold @ http://localhost:3000/_next/static/chunks/0p2h_react-dom_0vsf22y._.js:15305
[     278ms] Error: ./app/coming-soon/page.tsx:154:11
Expected corresponding JSX closing tag for <main>
  152 |               </div>
  153 |             </div>
> 154 |         </div>
      |           ^^^
  155 |
  156 |             {/* RIGHT COLUMN — 3D GIF, Description, Stay tuned */}
  157 |             <div className="flex flex-col">

Parsing ecmascript source code failed


    at <unknown> (Error: ./app/coming-soon/page.tsx:154:11)
    at Object.getCompilationErrors (file:///home/nguyenhcp/workspace/kvc-website/node_modules/.pnpm/next@16.2.6_@babel+core@7.29.7_react-dom@19.2.4_react@19.2.4__react@19.2.4/node_modules/next/dist/server/dev/hot-reloader-turbopack.js:1186:59)
    at DevBundlerService.getCompilationError (file:///home/nguyenhcp/workspace/kvc-website/node_modules/.pnpm/next@16.2.6_@babel+core@7.29.7_react-dom@19.2.4_react@19.2.4__react@19.2.4/node_modules/next/dist/server/lib/dev-bundler-service.js:44:55)
    at DevServer.getCompilationError (file:///home/nguyenhcp/workspace/kvc-website/node_modules/.pnpm/next@16.2.6_@babel+core@7.29.7_react-dom@19.2.4_react@19.2.4__react@19.2.4/node_modules/next/dist/server/dev/next-dev-server.js:720:42)
    at DevServer.findPageComponents (file:///home/nguyenhcp/workspace/kvc-website/node_modules/.pnpm/next@16.2.6_@babel+core@7.29.7_react-dom@19.2.4_react@19.2.4__react@19.2.4/node_modules/next/dist/server/dev/next-dev-server.js:690:43)
    at async DevServer.renderErrorToResponseImpl (file:///home/nguyenhcp/workspace/kvc-website/node_modules/.pnpm/next@16.2.6_@babel+core@7.29.7_react-dom@19.2.4_react@19.2.4__react@19.2.4/node_modules/next/dist/server/base-server.js:1753:26)
[     278ms] [LOG] [HMR] connected @ http://localhost:3000/_next/static/chunks/01vs_next_dist_0f.3z~m._.js:1226
[     282ms] [ERROR] ./app/coming-soon/page.tsx:154:11
Expected corresponding JSX closing tag for <main>
  152 |               </div>
  153 |             </div>
> 154 |         </div>
      |           ^^^
  155 |
  156 |             {/* RIGHT COLUMN — 3D GIF, Description, Stay tuned */}
  157 |             <div className="flex flex-col">

Parsing ecmascript source code failed @ http://localhost:3000/_next/static/chunks/01vs_next_dist_0f.3z~m._.js:1945
[     327ms] [ERROR] ./app/coming-soon/page.tsx:154:11
Expected corresponding JSX closing tag for <main>
  152 |               </div>
  153 |             </div>
> 154 |         </div>
      |           ^^^
  155 |
  156 |             {/* RIGHT COLUMN — 3D GIF, Description, Stay tuned */}
  157 |             <div className="flex flex-col">

Parsing ecmascript source code failed @ http://localhost:3000/_next/static/chunks/01vs_next_dist_0f.3z~m._.js:1945
[     385ms] [ERROR] ./app/coming-soon/page.tsx:154:11
Expected corresponding JSX closing tag for <main>
  152 |               </div>
  153 |             </div>
> 154 |         </div>
      |           ^^^
  155 |
  156 |             {/* RIGHT COLUMN — 3D GIF, Description, Stay tuned */}
  157 |             <div className="flex flex-col">

Parsing ecmascript source code failed @ http://localhost:3000/_next/static/chunks/01vs_next_dist_0f.3z~m._.js:1945
[     446ms] [LOG] [Fast Refresh] rebuilding @ http://localhost:3000/_next/static/chunks/01vs_next_dist_0f.3z~m._.js:1226
[    2241ms] [ERROR] ./app/coming-soon/page.tsx:154:11
Expected corresponding JSX closing tag for <main>
  152 |               </div>
  153 |             </div>
> 154 |         </div>
      |           ^^^
  155 |
  156 |             {/* RIGHT COLUMN — 3D GIF, Description, Stay tuned */}
  157 |             <div className="flex flex-col">

Parsing ecmascript source code failed @ http://localhost:3000/_next/static/chunks/01vs_next_dist_0f.3z~m._.js:1945
[    2304ms] [LOG] [Fast Refresh] rebuilding @ http://localhost:3000/_next/static/chunks/01vs_next_dist_0f.3z~m._.js:1226
[    2741ms] [ERROR] ./app/coming-soon/page.tsx:154:11
Expected corresponding JSX closing tag for <main>
  152 |               </div>
  153 |             </div>
> 154 |         </div>
      |           ^^^
  155 |
  156 |             {/* RIGHT COLUMN — 3D GIF, Description, Stay tuned */}
  157 |             <div className="flex flex-col">

Parsing ecmascript source code failed @ http://localhost:3000/_next/static/chunks/01vs_next_dist_0f.3z~m._.js:1945
[    2809ms] [LOG] [Fast Refresh] rebuilding @ http://localhost:3000/_next/static/chunks/01vs_next_dist_0f.3z~m._.js:1226
[    5623ms] [ERROR] ./app/coming-soon/page.tsx:154:11
Expected corresponding JSX closing tag for <main>
  152 |               </div>
  153 |             </div>
> 154 |         </div>
      |           ^^^
  155 |
  156 |             {/* RIGHT COLUMN — 3D GIF, Description, Stay tuned */}
  157 |             <div className="flex flex-col">

Parsing ecmascript source code failed @ http://localhost:3000/_next/static/chunks/01vs_next_dist_0f.3z~m._.js:1945
[    5688ms] [LOG] [Fast Refresh] rebuilding @ http://localhost:3000/_next/static/chunks/01vs_next_dist_0f.3z~m._.js:1226
[    6132ms] [ERROR] ./app/coming-soon/page.tsx:154:11
Expected corresponding JSX closing tag for <main>
  152 |               </div>
  153 |             </div>
> 154 |         </div>
      |           ^^^
  155 |
  156 |             {/* RIGHT COLUMN — 3D GIF, Description, Stay tuned */}
  157 |             <div className="flex flex-col">

Parsing ecmascript source code failed @ http://localhost:3000/_next/static/chunks/01vs_next_dist_0f.3z~m._.js:1945
[    6199ms] [LOG] [Fast Refresh] rebuilding @ http://localhost:3000/_next/static/chunks/01vs_next_dist_0f.3z~m._.js:1226
[    8211ms] [ERROR] ./app/coming-soon/page.tsx:154:11
Expected corresponding JSX closing tag for <main>
  152 |               </div>
  153 |             </div>
> 154 |         </div>
      |           ^^^
  155 |
  156 |             {/* RIGHT COLUMN — 3D GIF, Description, Stay tuned */}
  157 |             <div className="flex flex-col">

Parsing ecmascript source code failed @ http://localhost:3000/_next/static/chunks/01vs_next_dist_0f.3z~m._.js:1945
[    8278ms] [LOG] [Fast Refresh] rebuilding @ http://localhost:3000/_next/static/chunks/01vs_next_dist_0f.3z~m._.js:1226
[    8714ms] [ERROR] ./app/coming-soon/page.tsx:154:11
Expected corresponding JSX closing tag for <main>
  152 |               </div>
  153 |             </div>
> 154 |         </div>
      |           ^^^
  155 |
  156 |             {/* RIGHT COLUMN — 3D GIF, Description, Stay tuned */}
  157 |             <div className="flex flex-col">

Parsing ecmascript source code failed @ http://localhost:3000/_next/static/chunks/01vs_next_dist_0f.3z~m._.js:1945
[    8782ms] [LOG] [Fast Refresh] rebuilding @ http://localhost:3000/_next/static/chunks/01vs_next_dist_0f.3z~m._.js:1226
[   10940ms] [ERROR] ./app/coming-soon/page.tsx:154:11
Expected corresponding JSX closing tag for <main>
  152 |               </div>
  153 |             </div>
> 154 |         </div>
      |           ^^^
  155 |
  156 |             {/* RIGHT COLUMN — 3D GIF, Description, Stay tuned */}
  157 |             <div className="flex flex-col">

Parsing ecmascript source code failed @ http://localhost:3000/_next/static/chunks/01vs_next_dist_0f.3z~m._.js:1945
[   11005ms] [LOG] [Fast Refresh] rebuilding @ http://localhost:3000/_next/static/chunks/01vs_next_dist_0f.3z~m._.js:1226
[   11151ms] [ERROR] ./app/coming-soon/page.tsx:154:11
Expected corresponding JSX closing tag for <main>
  152 |               </div>
  153 |             </div>
> 154 |         </div>
      |           ^^^
  155 |
  156 |             {/* RIGHT COLUMN — 3D GIF, Description, Stay tuned */}
  157 |             <div className="flex flex-col">

Parsing ecmascript source code failed @ http://localhost:3000/_next/static/chunks/01vs_next_dist_0f.3z~m._.js:1945
[   11220ms] [LOG] [Fast Refresh] rebuilding @ http://localhost:3000/_next/static/chunks/01vs_next_dist_0f.3z~m._.js:1226
[   13444ms] [ERROR] ./app/coming-soon/page.tsx:154:11
Expected corresponding JSX closing tag for <main>
  152 |               </div>
  153 |             </div>
> 154 |         </div>
      |           ^^^
  155 |
  156 |             {/* RIGHT COLUMN — 3D GIF, Description, Stay tuned */}
  157 |             <div className="flex flex-col">

Parsing ecmascript source code failed @ http://localhost:3000/_next/static/chunks/01vs_next_dist_0f.3z~m._.js:1945
[   13509ms] [LOG] [Fast Refresh] rebuilding @ http://localhost:3000/_next/static/chunks/01vs_next_dist_0f.3z~m._.js:1226
[   13894ms] [ERROR] ./app/coming-soon/page.tsx:154:11
Expected corresponding JSX closing tag for <main>
  152 |               </div>
  153 |             </div>
> 154 |         </div>
      |           ^^^
  155 |
  156 |             {/* RIGHT COLUMN — 3D GIF, Description, Stay tuned */}
  157 |             <div className="flex flex-col">

Parsing ecmascript source code failed @ http://localhost:3000/_next/static/chunks/01vs_next_dist_0f.3z~m._.js:1945
[   13962ms] [LOG] [Fast Refresh] rebuilding @ http://localhost:3000/_next/static/chunks/01vs_next_dist_0f.3z~m._.js:1226
[   15994ms] [ERROR] ./app/coming-soon/page.tsx:154:11
Expected corresponding JSX closing tag for <main>
  152 |               </div>
  153 |             </div>
> 154 |         </div>
      |           ^^^
  155 |
  156 |             {/* RIGHT COLUMN — 3D GIF, Description, Stay tuned */}
  157 |             <div className="flex flex-col">

Parsing ecmascript source code failed @ http://localhost:3000/_next/static/chunks/01vs_next_dist_0f.3z~m._.js:1945
[   16062ms] [LOG] [Fast Refresh] rebuilding @ http://localhost:3000/_next/static/chunks/01vs_next_dist_0f.3z~m._.js:1226
[   16779ms] [ERROR] ./app/coming-soon/page.tsx:154:11
Expected corresponding JSX closing tag for <main>
  152 |               </div>
  153 |             </div>
> 154 |         </div>
      |           ^^^
  155 |
  156 |             {/* RIGHT COLUMN — 3D GIF, Description, Stay tuned */}
  157 |             <div className="flex flex-col">

Parsing ecmascript source code failed @ http://localhost:3000/_next/static/chunks/01vs_next_dist_0f.3z~m._.js:1945
[   16825ms] [ERROR] ./app/coming-soon/page.tsx:154:11
Expected corresponding JSX closing tag for <main>
  152 |               </div>
  153 |             </div>
> 154 |         </div>
      |           ^^^
  155 |
  156 |             {/* RIGHT COLUMN — 3D GIF, Description, Stay tuned */}
  157 |             <div className="flex flex-col">

Parsing ecmascript source code failed @ http://localhost:3000/_next/static/chunks/01vs_next_dist_0f.3z~m._.js:1945
[   16885ms] [LOG] [Fast Refresh] rebuilding @ http://localhost:3000/_next/static/chunks/01vs_next_dist_0f.3z~m._.js:1226
[   18480ms] [ERROR] ./app/coming-soon/page.tsx:154:11
Expected corresponding JSX closing tag for <main>
  152 |               </div>
  153 |             </div>
> 154 |         </div>
      |           ^^^
  155 |
  156 |             {/* RIGHT COLUMN — 3D GIF, Description, Stay tuned */}
  157 |             <div className="flex flex-col">

Parsing ecmascript source code failed @ http://localhost:3000/_next/static/chunks/01vs_next_dist_0f.3z~m._.js:1945
[   18545ms] [LOG] [Fast Refresh] rebuilding @ http://localhost:3000/_next/static/chunks/01vs_next_dist_0f.3z~m._.js:1226
[   18953ms] [ERROR] ./app/coming-soon/page.tsx:154:11
Expected corresponding JSX closing tag for <main>
  152 |               </div>
  153 |             </div>
> 154 |         </div>
      |           ^^^
  155 |
  156 |             {/* RIGHT COLUMN — 3D GIF, Description, Stay tuned */}
  157 |             <div className="flex flex-col">

Parsing ecmascript source code failed @ http://localhost:3000/_next/static/chunks/01vs_next_dist_0f.3z~m._.js:1945
[   19021ms] [LOG] [Fast Refresh] rebuilding @ http://localhost:3000/_next/static/chunks/01vs_next_dist_0f.3z~m._.js:1226
[   21165ms] [ERROR] ./app/coming-soon/page.tsx:154:11
Expected corresponding JSX closing tag for <main>
  152 |               </div>
  153 |             </div>
> 154 |         </div>
      |           ^^^
  155 |
  156 |             {/* RIGHT COLUMN — 3D GIF, Description, Stay tuned */}
  157 |             <div className="flex flex-col">

Parsing ecmascript source code failed @ http://localhost:3000/_next/static/chunks/01vs_next_dist_0f.3z~m._.js:1945
[   21230ms] [LOG] [Fast Refresh] rebuilding @ http://localhost:3000/_next/static/chunks/01vs_next_dist_0f.3z~m._.js:1226
[   21653ms] [ERROR] ./app/coming-soon/page.tsx:154:11
Expected corresponding JSX closing tag for <main>
  152 |               </div>
  153 |             </div>
> 154 |         </div>
      |           ^^^
  155 |
  156 |             {/* RIGHT COLUMN — 3D GIF, Description, Stay tuned */}
  157 |             <div className="flex flex-col">

Parsing ecmascript source code failed @ http://localhost:3000/_next/static/chunks/01vs_next_dist_0f.3z~m._.js:1945
[   21717ms] [LOG] [Fast Refresh] rebuilding @ http://localhost:3000/_next/static/chunks/01vs_next_dist_0f.3z~m._.js:1226
[   30505ms] [ERROR] ./app/coming-soon/page.tsx:154:11
Expected corresponding JSX closing tag for <main>
  152 |               </div>
  153 |             </div>
> 154 |         </div>
      |           ^^^
  155 |
  156 |             {/* RIGHT COLUMN — 3D GIF, Description, Stay tuned */}
  157 |             <div className="flex flex-col">

Parsing ecmascript source code failed @ http://localhost:3000/_next/static/chunks/01vs_next_dist_0f.3z~m._.js:1945
[   30571ms] [LOG] [Fast Refresh] rebuilding @ http://localhost:3000/_next/static/chunks/01vs_next_dist_0f.3z~m._.js:1226
[   30979ms] [ERROR] ./app/coming-soon/page.tsx:154:11
Expected corresponding JSX closing tag for <main>
  152 |               </div>
  153 |             </div>
> 154 |         </div>
      |           ^^^
  155 |
  156 |             {/* RIGHT COLUMN — 3D GIF, Description, Stay tuned */}
  157 |             <div className="flex flex-col">

Parsing ecmascript source code failed @ http://localhost:3000/_next/static/chunks/01vs_next_dist_0f.3z~m._.js:1945
[   31046ms] [LOG] [Fast Refresh] rebuilding @ http://localhost:3000/_next/static/chunks/01vs_next_dist_0f.3z~m._.js:1226
[   32557ms] [ERROR] ./app/coming-soon/page.tsx:154:11
Expected corresponding JSX closing tag for <main>
  152 |               </div>
  153 |             </div>
> 154 |         </div>
      |           ^^^
  155 |
  156 |             {/* RIGHT COLUMN — 3D GIF, Description, Stay tuned */}
  157 |             <div className="flex flex-col">

Parsing ecmascript source code failed @ http://localhost:3000/_next/static/chunks/01vs_next_dist_0f.3z~m._.js:1945
[   32621ms] [LOG] [Fast Refresh] rebuilding @ http://localhost:3000/_next/static/chunks/01vs_next_dist_0f.3z~m._.js:1226
[   33052ms] [ERROR] ./app/coming-soon/page.tsx:154:11
Expected corresponding JSX closing tag for <main>
  152 |               </div>
  153 |             </div>
> 154 |         </div>
      |           ^^^
  155 |
  156 |             {/* RIGHT COLUMN — 3D GIF, Description, Stay tuned */}
  157 |             <div className="flex flex-col">

Parsing ecmascript source code failed @ http://localhost:3000/_next/static/chunks/01vs_next_dist_0f.3z~m._.js:1945
[   33121ms] [LOG] [Fast Refresh] rebuilding @ http://localhost:3000/_next/static/chunks/01vs_next_dist_0f.3z~m._.js:1226
[   33689ms] [ERROR] ./app/coming-soon/page.tsx:154:11
Expected corresponding JSX closing tag for <main>
  152 |               </div>
  153 |             </div>
> 154 |         </div>
      |           ^^^
  155 |
  156 |             {/* RIGHT COLUMN — 3D GIF, Description, Stay tuned */}
  157 |             <div className="flex flex-col">

Parsing ecmascript source code failed @ http://localhost:3000/_next/static/chunks/01vs_next_dist_0f.3z~m._.js:1945
[   33755ms] [LOG] [Fast Refresh] rebuilding @ http://localhost:3000/_next/static/chunks/01vs_next_dist_0f.3z~m._.js:1226
[   34158ms] [ERROR] ./app/coming-soon/page.tsx:154:11
Expected corresponding JSX closing tag for <main>
  152 |               </div>
  153 |             </div>
> 154 |         </div>
      |           ^^^
  155 |
  156 |             {/* RIGHT COLUMN — 3D GIF, Description, Stay tuned */}
  157 |             <div className="flex flex-col">

Parsing ecmascript source code failed @ http://localhost:3000/_next/static/chunks/01vs_next_dist_0f.3z~m._.js:1945
[   34227ms] [LOG] [Fast Refresh] rebuilding @ http://localhost:3000/_next/static/chunks/01vs_next_dist_0f.3z~m._.js:1226
[   34709ms] [ERROR] ./app/coming-soon/page.tsx:154:11
Expected corresponding JSX closing tag for <main>
  152 |               </div>
  153 |             </div>
> 154 |         </div>
      |           ^^^
  155 |
  156 |             {/* RIGHT COLUMN — 3D GIF, Description, Stay tuned */}
  157 |             <div className="flex flex-col">

Parsing ecmascript source code failed @ http://localhost:3000/_next/static/chunks/01vs_next_dist_0f.3z~m._.js:1945
[   34778ms] [LOG] [Fast Refresh] rebuilding @ http://localhost:3000/_next/static/chunks/01vs_next_dist_0f.3z~m._.js:1226
[   34937ms] [ERROR] ./app/coming-soon/page.tsx:154:11
Expected corresponding JSX closing tag for <main>
  152 |               </div>
  153 |             </div>
> 154 |         </div>
      |           ^^^
  155 |
  156 |             {/* RIGHT COLUMN — 3D GIF, Description, Stay tuned */}
  157 |             <div className="flex flex-col">

Parsing ecmascript source code failed @ http://localhost:3000/_next/static/chunks/01vs_next_dist_0f.3z~m._.js:1945
[   35001ms] [LOG] [Fast Refresh] rebuilding @ http://localhost:3000/_next/static/chunks/01vs_next_dist_0f.3z~m._.js:1226
[   35365ms] [ERROR] ./app/coming-soon/page.tsx:154:11
Expected corresponding JSX closing tag for <main>
  152 |               </div>
  153 |             </div>
> 154 |         </div>
      |           ^^^
  155 |
  156 |             {/* RIGHT COLUMN — 3D GIF, Description, Stay tuned */}
  157 |             <div className="flex flex-col">

Parsing ecmascript source code failed @ http://localhost:3000/_next/static/chunks/01vs_next_dist_0f.3z~m._.js:1945
[   35430ms] [LOG] [Fast Refresh] rebuilding @ http://localhost:3000/_next/static/chunks/01vs_next_dist_0f.3z~m._.js:1226
[   36109ms] [ERROR] ./app/coming-soon/page.tsx:154:11
Expected corresponding JSX closing tag for <main>
  152 |               </div>
  153 |             </div>
> 154 |         </div>
      |           ^^^
  155 |
  156 |             {/* RIGHT COLUMN — 3D GIF, Description, Stay tuned */}
  157 |             <div className="flex flex-col">

Parsing ecmascript source code failed @ http://localhost:3000/_next/static/chunks/01vs_next_dist_0f.3z~m._.js:1945
[   36177ms] [LOG] [Fast Refresh] rebuilding @ http://localhost:3000/_next/static/chunks/01vs_next_dist_0f.3z~m._.js:1226
[   36865ms] [ERROR] ./app/coming-soon/page.tsx:154:11
Expected corresponding JSX closing tag for <main>
  152 |               </div>
  153 |             </div>
> 154 |         </div>
      |           ^^^
  155 |
  156 |             {/* RIGHT COLUMN — 3D GIF, Description, Stay tuned */}
  157 |             <div className="flex flex-col">

Parsing ecmascript source code failed @ http://localhost:3000/_next/static/chunks/01vs_next_dist_0f.3z~m._.js:1945
[   36931ms] [LOG] [Fast Refresh] rebuilding @ http://localhost:3000/_next/static/chunks/01vs_next_dist_0f.3z~m._.js:1226
[   37654ms] [ERROR] ./app/coming-soon/page.tsx:154:11
Expected corresponding JSX closing tag for <main>
  152 |               </div>
  153 |             </div>
> 154 |         </div>
      |           ^^^
  155 |
  156 |             {/* RIGHT COLUMN — 3D GIF, Description, Stay tuned */}
  157 |             <div className="flex flex-col">

Parsing ecmascript source code failed @ http://localhost:3000/_next/static/chunks/01vs_next_dist_0f.3z~m._.js:1945
[   37721ms] [LOG] [Fast Refresh] rebuilding @ http://localhost:3000/_next/static/chunks/01vs_next_dist_0f.3z~m._.js:1226
[   41835ms] [ERROR] ./app/coming-soon/page.tsx:154:11
Expected corresponding JSX closing tag for <main>
  152 |               </div>
  153 |             </div>
> 154 |         </div>
      |           ^^^
  155 |
  156 |             {/* RIGHT COLUMN — 3D GIF, Description, Stay tuned */}
  157 |             <div className="flex flex-col">

Parsing ecmascript source code failed @ http://localhost:3000/_next/static/chunks/01vs_next_dist_0f.3z~m._.js:1945
[   41900ms] [LOG] [Fast Refresh] rebuilding @ http://localhost:3000/_next/static/chunks/01vs_next_dist_0f.3z~m._.js:1226
[   42291ms] [ERROR] ./app/coming-soon/page.tsx:154:11
Expected corresponding JSX closing tag for <main>
  152 |               </div>
  153 |             </div>
> 154 |         </div>
      |           ^^^
  155 |
  156 |             {/* RIGHT COLUMN — 3D GIF, Description, Stay tuned */}
  157 |             <div className="flex flex-col">

Parsing ecmascript source code failed @ http://localhost:3000/_next/static/chunks/01vs_next_dist_0f.3z~m._.js:1945
[   42353ms] [LOG] [Fast Refresh] rebuilding @ http://localhost:3000/_next/static/chunks/01vs_next_dist_0f.3z~m._.js:1226
[   51088ms] [ERROR] ./app/coming-soon/page.tsx:179:5
Expression expected
  177 |             </div>
  178 |       </div>
> 179 |     </main>
      |     ^
  180 |   )
  181 | }
  182 |

Parsing ecmascript source code failed @ http://localhost:3000/_next/static/chunks/01vs_next_dist_0f.3z~m._.js:1945
[   51088ms] [ERROR] ./app/coming-soon/page.tsx:179:6
Unterminated regexp literal
  177 |             </div>
  178 |       </div>
> 179 |     </main>
      |      ^^^^^^
  180 |   )
  181 | }
  182 |

Parsing ecmascript source code failed @ http://localhost:3000/_next/static/chunks/01vs_next_dist_0f.3z~m._.js:1945
[   51123ms] [LOG] [Fast Refresh] rebuilding @ http://localhost:3000/_next/static/chunks/01vs_next_dist_0f.3z~m._.js:1226
[   54481ms] [ERROR] ./app/coming-soon/page.tsx:179:5
Expression expected
  177 |             </div>
  178 |       </div>
> 179 |     </main>
      |     ^
  180 |   )
  181 | }
  182 |

Parsing ecmascript source code failed @ http://localhost:3000/_next/static/chunks/01vs_next_dist_0f.3z~m._.js:1945
[   54481ms] [ERROR] ./app/coming-soon/page.tsx:179:6
Unterminated regexp literal
  177 |             </div>
  178 |       </div>
> 179 |     </main>
      |      ^^^^^^
  180 |   )
  181 | }
  182 |

Parsing ecmascript source code failed @ http://localhost:3000/_next/static/chunks/01vs_next_dist_0f.3z~m._.js:1945
[   54542ms] [LOG] [Fast Refresh] rebuilding @ http://localhost:3000/_next/static/chunks/01vs_next_dist_0f.3z~m._.js:1226
[   54674ms] [ERROR] ./app/coming-soon/page.tsx:179:5
Expression expected
  177 |             </div>
  178 |       </div>
> 179 |     </main>
      |     ^
  180 |   )
  181 | }
  182 |

Parsing ecmascript source code failed @ http://localhost:3000/_next/static/chunks/01vs_next_dist_0f.3z~m._.js:1945
[   54675ms] [ERROR] ./app/coming-soon/page.tsx:179:6
Unterminated regexp literal
  177 |             </div>
  178 |       </div>
> 179 |     </main>
      |      ^^^^^^
  180 |   )
  181 | }
  182 |

Parsing ecmascript source code failed @ http://localhost:3000/_next/static/chunks/01vs_next_dist_0f.3z~m._.js:1945
[   54742ms] [LOG] [Fast Refresh] rebuilding @ http://localhost:3000/_next/static/chunks/01vs_next_dist_0f.3z~m._.js:1226
[   54923ms] [ERROR] ./app/coming-soon/page.tsx:179:5
Expression expected
  177 |             </div>
  178 |       </div>
> 179 |     </main>
      |     ^
  180 |   )
  181 | }
  182 |

Parsing ecmascript source code failed @ http://localhost:3000/_next/static/chunks/01vs_next_dist_0f.3z~m._.js:1945
[   54923ms] [ERROR] ./app/coming-soon/page.tsx:179:6
Unterminated regexp literal
  177 |             </div>
  178 |       </div>
> 179 |     </main>
      |      ^^^^^^
  180 |   )
  181 | }
  182 |

Parsing ecmascript source code failed @ http://localhost:3000/_next/static/chunks/01vs_next_dist_0f.3z~m._.js:1945
[   54993ms] [LOG] [Fast Refresh] rebuilding @ http://localhost:3000/_next/static/chunks/01vs_next_dist_0f.3z~m._.js:1226
[   55660ms] [ERROR] ./app/coming-soon/page.tsx:179:5
Expression expected
  177 |             </div>
  178 |       </div>
> 179 |     </main>
      |     ^
  180 |   )
  181 | }
  182 |

Parsing ecmascript source code failed @ http://localhost:3000/_next/static/chunks/01vs_next_dist_0f.3z~m._.js:1945
[   55660ms] [ERROR] ./app/coming-soon/page.tsx:179:6
Unterminated regexp literal
  177 |             </div>
  178 |       </div>
> 179 |     </main>
      |      ^^^^^^
  180 |   )
  181 | }
  182 |

Parsing ecmascript source code failed @ http://localhost:3000/_next/static/chunks/01vs_next_dist_0f.3z~m._.js:1945
[   55723ms] [LOG] [Fast Refresh] rebuilding @ http://localhost:3000/_next/static/chunks/01vs_next_dist_0f.3z~m._.js:1226
[   56154ms] [ERROR] ./app/coming-soon/page.tsx:179:5
Expression expected
  177 |             </div>
  178 |       </div>
> 179 |     </main>
      |     ^
  180 |   )
  181 | }
  182 |

Parsing ecmascript source code failed @ http://localhost:3000/_next/static/chunks/01vs_next_dist_0f.3z~m._.js:1945
[   56154ms] [ERROR] ./app/coming-soon/page.tsx:179:6
Unterminated regexp literal
  177 |             </div>
  178 |       </div>
> 179 |     </main>
      |      ^^^^^^
  180 |   )
  181 | }
  182 |

Parsing ecmascript source code failed @ http://localhost:3000/_next/static/chunks/01vs_next_dist_0f.3z~m._.js:1945
[   56222ms] [LOG] [Fast Refresh] rebuilding @ http://localhost:3000/_next/static/chunks/01vs_next_dist_0f.3z~m._.js:1226
[   56502ms] [ERROR] ./app/coming-soon/page.tsx:179:5
Expression expected
  177 |             </div>
  178 |       </div>
> 179 |     </main>
      |     ^
  180 |   )
  181 | }
  182 |

Parsing ecmascript source code failed @ http://localhost:3000/_next/static/chunks/01vs_next_dist_0f.3z~m._.js:1945
[   56502ms] [ERROR] ./app/coming-soon/page.tsx:179:6
Unterminated regexp literal
  177 |             </div>
  178 |       </div>
> 179 |     </main>
      |      ^^^^^^
  180 |   )
  181 | }
  182 |

Parsing ecmascript source code failed @ http://localhost:3000/_next/static/chunks/01vs_next_dist_0f.3z~m._.js:1945
[   56568ms] [LOG] [Fast Refresh] rebuilding @ http://localhost:3000/_next/static/chunks/01vs_next_dist_0f.3z~m._.js:1226
[   56943ms] [ERROR] ./app/coming-soon/page.tsx:179:5
Expression expected
  177 |             </div>
  178 |       </div>
> 179 |     </main>
      |     ^
  180 |   )
  181 | }
  182 |

Parsing ecmascript source code failed @ http://localhost:3000/_next/static/chunks/01vs_next_dist_0f.3z~m._.js:1945
[   56943ms] [ERROR] ./app/coming-soon/page.tsx:179:6
Unterminated regexp literal
  177 |             </div>
  178 |       </div>
> 179 |     </main>
      |      ^^^^^^
  180 |   )
  181 | }
  182 |

Parsing ecmascript source code failed @ http://localhost:3000/_next/static/chunks/01vs_next_dist_0f.3z~m._.js:1945
[   57007ms] [LOG] [Fast Refresh] rebuilding @ http://localhost:3000/_next/static/chunks/01vs_next_dist_0f.3z~m._.js:1226
[   57254ms] [ERROR] ./app/coming-soon/page.tsx:179:5
Expression expected
  177 |             </div>
  178 |       </div>
> 179 |     </main>
      |     ^
  180 |   )
  181 | }
  182 |

Parsing ecmascript source code failed @ http://localhost:3000/_next/static/chunks/01vs_next_dist_0f.3z~m._.js:1945
[   57255ms] [ERROR] ./app/coming-soon/page.tsx:179:6
Unterminated regexp literal
  177 |             </div>
  178 |       </div>
> 179 |     </main>
      |      ^^^^^^
  180 |   )
  181 | }
  182 |

Parsing ecmascript source code failed @ http://localhost:3000/_next/static/chunks/01vs_next_dist_0f.3z~m._.js:1945
[   57317ms] [LOG] [Fast Refresh] rebuilding @ http://localhost:3000/_next/static/chunks/01vs_next_dist_0f.3z~m._.js:1226
[   57714ms] [ERROR] ./app/coming-soon/page.tsx:179:5
Expression expected
  177 |             </div>
  178 |       </div>
> 179 |     </main>
      |     ^
  180 |   )
  181 | }
  182 |

Parsing ecmascript source code failed @ http://localhost:3000/_next/static/chunks/01vs_next_dist_0f.3z~m._.js:1945
[   57714ms] [ERROR] ./app/coming-soon/page.tsx:179:6
Unterminated regexp literal
  177 |             </div>
  178 |       </div>
> 179 |     </main>
      |      ^^^^^^
  180 |   )
  181 | }
  182 |

Parsing ecmascript source code failed @ http://localhost:3000/_next/static/chunks/01vs_next_dist_0f.3z~m._.js:1945
[   57764ms] [LOG] [Fast Refresh] rebuilding @ http://localhost:3000/_next/static/chunks/01vs_next_dist_0f.3z~m._.js:1226
[   58183ms] [ERROR] ./app/coming-soon/page.tsx:179:5
Expression expected
  177 |             </div>
  178 |       </div>
> 179 |     </main>
      |     ^
  180 |   )
  181 | }
  182 |

Parsing ecmascript source code failed @ http://localhost:3000/_next/static/chunks/01vs_next_dist_0f.3z~m._.js:1945
[   58183ms] [ERROR] ./app/coming-soon/page.tsx:179:6
Unterminated regexp literal
  177 |             </div>
  178 |       </div>
> 179 |     </main>
      |      ^^^^^^
  180 |   )
  181 | }
  182 |

Parsing ecmascript source code failed @ http://localhost:3000/_next/static/chunks/01vs_next_dist_0f.3z~m._.js:1945
[   58248ms] [LOG] [Fast Refresh] rebuilding @ http://localhost:3000/_next/static/chunks/01vs_next_dist_0f.3z~m._.js:1226
[   58646ms] [ERROR] ./app/coming-soon/page.tsx:179:5
Expression expected
  177 |             </div>
  178 |       </div>
> 179 |     </main>
      |     ^
  180 |   )
  181 | }
  182 |

Parsing ecmascript source code failed @ http://localhost:3000/_next/static/chunks/01vs_next_dist_0f.3z~m._.js:1945
[   58646ms] [ERROR] ./app/coming-soon/page.tsx:179:6
Unterminated regexp literal
  177 |             </div>
  178 |       </div>
> 179 |     </main>
      |      ^^^^^^
  180 |   )
  181 | }
  182 |

Parsing ecmascript source code failed @ http://localhost:3000/_next/static/chunks/01vs_next_dist_0f.3z~m._.js:1945
[   58713ms] [LOG] [Fast Refresh] rebuilding @ http://localhost:3000/_next/static/chunks/01vs_next_dist_0f.3z~m._.js:1226
[   59407ms] [ERROR] ./app/coming-soon/page.tsx:179:5
Expression expected
  177 |             </div>
  178 |       </div>
> 179 |     </main>
      |     ^
  180 |   )
  181 | }
  182 |

Parsing ecmascript source code failed @ http://localhost:3000/_next/static/chunks/01vs_next_dist_0f.3z~m._.js:1945
[   59407ms] [ERROR] ./app/coming-soon/page.tsx:179:6
Unterminated regexp literal
  177 |             </div>
  178 |       </div>
> 179 |     </main>
      |      ^^^^^^
  180 |   )
  181 | }
  182 |

Parsing ecmascript source code failed @ http://localhost:3000/_next/static/chunks/01vs_next_dist_0f.3z~m._.js:1945
[   59473ms] [LOG] [Fast Refresh] rebuilding @ http://localhost:3000/_next/static/chunks/01vs_next_dist_0f.3z~m._.js:1226
[   60036ms] [ERROR] ./app/coming-soon/page.tsx:179:5
Expression expected
  177 |             </div>
  178 |       </div>
> 179 |     </main>
      |     ^
  180 |   )
  181 | }
  182 |

Parsing ecmascript source code failed @ http://localhost:3000/_next/static/chunks/01vs_next_dist_0f.3z~m._.js:1945
[   60039ms] [ERROR] ./app/coming-soon/page.tsx:179:6
Unterminated regexp literal
  177 |             </div>
  178 |       </div>
> 179 |     </main>
      |      ^^^^^^
  180 |   )
  181 | }
  182 |

Parsing ecmascript source code failed @ http://localhost:3000/_next/static/chunks/01vs_next_dist_0f.3z~m._.js:1945
[   60103ms] [LOG] [Fast Refresh] rebuilding @ http://localhost:3000/_next/static/chunks/01vs_next_dist_0f.3z~m._.js:1226
[   97834ms] [ERROR] ./app/coming-soon/page.tsx:179:5
Expression expected
  177 |             </div>
  178 |       </div>
> 179 |     </main>
      |     ^
  180 |   )
  181 | }
  182 |

Parsing ecmascript source code failed @ http://localhost:3000/_next/static/chunks/01vs_next_dist_0f.3z~m._.js:1945
[   97834ms] [ERROR] ./app/coming-soon/page.tsx:179:6
Unterminated regexp literal
  177 |             </div>
  178 |       </div>
> 179 |     </main>
      |      ^^^^^^
  180 |   )
  181 | }
  182 |

Parsing ecmascript source code failed @ http://localhost:3000/_next/static/chunks/01vs_next_dist_0f.3z~m._.js:1945
[   97899ms] [LOG] [Fast Refresh] rebuilding @ http://localhost:3000/_next/static/chunks/01vs_next_dist_0f.3z~m._.js:1226
[   98301ms] [ERROR] ./app/coming-soon/page.tsx:179:5
Expression expected
  177 |             </div>
  178 |       </div>
> 179 |     </main>
      |     ^
  180 |   )
  181 | }
  182 |

Parsing ecmascript source code failed @ http://localhost:3000/_next/static/chunks/01vs_next_dist_0f.3z~m._.js:1945
[   98301ms] [ERROR] ./app/coming-soon/page.tsx:179:6
Unterminated regexp literal
  177 |             </div>
  178 |       </div>
> 179 |     </main>
      |      ^^^^^^
  180 |   )
  181 | }
  182 |

Parsing ecmascript source code failed @ http://localhost:3000/_next/static/chunks/01vs_next_dist_0f.3z~m._.js:1945
[   98367ms] [LOG] [Fast Refresh] rebuilding @ http://localhost:3000/_next/static/chunks/01vs_next_dist_0f.3z~m._.js:1226
[   99059ms] [ERROR] ./app/coming-soon/page.tsx:179:5
Expression expected
  177 |             </div>
  178 |       </div>
> 179 |     </main>
      |     ^
  180 |   )
  181 | }
  182 |

Parsing ecmascript source code failed @ http://localhost:3000/_next/static/chunks/01vs_next_dist_0f.3z~m._.js:1945
[   99059ms] [ERROR] ./app/coming-soon/page.tsx:179:6
Unterminated regexp literal
  177 |             </div>
  178 |       </div>
> 179 |     </main>
      |      ^^^^^^
  180 |   )
  181 | }
  182 |

Parsing ecmascript source code failed @ http://localhost:3000/_next/static/chunks/01vs_next_dist_0f.3z~m._.js:1945
[   99125ms] [LOG] [Fast Refresh] rebuilding @ http://localhost:3000/_next/static/chunks/01vs_next_dist_0f.3z~m._.js:1226
[   99514ms] [ERROR] ./app/coming-soon/page.tsx:179:5
Expression expected
  177 |             </div>
  178 |       </div>
> 179 |     </main>
      |     ^
  180 |   )
  181 | }
  182 |

Parsing ecmascript source code failed @ http://localhost:3000/_next/static/chunks/01vs_next_dist_0f.3z~m._.js:1945
[   99514ms] [ERROR] ./app/coming-soon/page.tsx:179:6
Unterminated regexp literal
  177 |             </div>
  178 |       </div>
> 179 |     </main>
      |      ^^^^^^
  180 |   )
  181 | }
  182 |

Parsing ecmascript source code failed @ http://localhost:3000/_next/static/chunks/01vs_next_dist_0f.3z~m._.js:1945
[   99581ms] [LOG] [Fast Refresh] rebuilding @ http://localhost:3000/_next/static/chunks/01vs_next_dist_0f.3z~m._.js:1226
[  100570ms] [ERROR] ./app/coming-soon/page.tsx:179:5
Expression expected
  177 |             </div>
  178 |       </div>
> 179 |     </main>
      |     ^
  180 |   )
  181 | }
  182 |

Parsing ecmascript source code failed @ http://localhost:3000/_next/static/chunks/01vs_next_dist_0f.3z~m._.js:1945
[  100570ms] [ERROR] ./app/coming-soon/page.tsx:179:6
Unterminated regexp literal
  177 |             </div>
  178 |       </div>
> 179 |     </main>
      |      ^^^^^^
  180 |   )
  181 | }
  182 |

Parsing ecmascript source code failed @ http://localhost:3000/_next/static/chunks/01vs_next_dist_0f.3z~m._.js:1945
[  100636ms] [LOG] [Fast Refresh] rebuilding @ http://localhost:3000/_next/static/chunks/01vs_next_dist_0f.3z~m._.js:1226
[  101057ms] [ERROR] ./app/coming-soon/page.tsx:179:5
Expression expected
  177 |             </div>
  178 |       </div>
> 179 |     </main>
      |     ^
  180 |   )
  181 | }
  182 |

Parsing ecmascript source code failed @ http://localhost:3000/_next/static/chunks/01vs_next_dist_0f.3z~m._.js:1945
[  101057ms] [ERROR] ./app/coming-soon/page.tsx:179:6
Unterminated regexp literal
  177 |             </div>
  178 |       </div>
> 179 |     </main>
      |      ^^^^^^
  180 |   )
  181 | }
  182 |

Parsing ecmascript source code failed @ http://localhost:3000/_next/static/chunks/01vs_next_dist_0f.3z~m._.js:1945
[  101122ms] [ERROR] ./app/coming-soon/page.tsx:179:5
Expression expected
  177 |             </div>
  178 |       </div>
> 179 |     </main>
      |     ^
  180 |   )
  181 | }
  182 |

Parsing ecmascript source code failed @ http://localhost:3000/_next/static/chunks/01vs_next_dist_0f.3z~m._.js:1945
[  101122ms] [ERROR] ./app/coming-soon/page.tsx:179:6
Unterminated regexp literal
  177 |             </div>
  178 |       </div>
> 179 |     </main>
      |      ^^^^^^
  180 |   )
  181 | }
  182 |

Parsing ecmascript source code failed @ http://localhost:3000/_next/static/chunks/01vs_next_dist_0f.3z~m._.js:1945
[  101189ms] [LOG] [Fast Refresh] rebuilding @ http://localhost:3000/_next/static/chunks/01vs_next_dist_0f.3z~m._.js:1226
[  101546ms] [ERROR] ./app/coming-soon/page.tsx:179:5
Expression expected
  177 |             </div>
  178 |       </div>
> 179 |     </main>
      |     ^
  180 |   )
  181 | }
  182 |

Parsing ecmascript source code failed @ http://localhost:3000/_next/static/chunks/01vs_next_dist_0f.3z~m._.js:1945
[  101546ms] [ERROR] ./app/coming-soon/page.tsx:179:6
Unterminated regexp literal
  177 |             </div>
  178 |       </div>
> 179 |     </main>
      |      ^^^^^^
  180 |   )
  181 | }
  182 |

Parsing ecmascript source code failed @ http://localhost:3000/_next/static/chunks/01vs_next_dist_0f.3z~m._.js:1945
[  101614ms] [LOG] [Fast Refresh] rebuilding @ http://localhost:3000/_next/static/chunks/01vs_next_dist_0f.3z~m._.js:1226
[  102135ms] [ERROR] ./app/coming-soon/page.tsx:179:5
Expression expected
  177 |             </div>
  178 |       </div>
> 179 |     </main>
      |     ^
  180 |   )
  181 | }
  182 |

Parsing ecmascript source code failed @ http://localhost:3000/_next/static/chunks/01vs_next_dist_0f.3z~m._.js:1945
[  102135ms] [ERROR] ./app/coming-soon/page.tsx:179:6
Unterminated regexp literal
  177 |             </div>
  178 |       </div>
> 179 |     </main>
      |      ^^^^^^
  180 |   )
  181 | }
  182 |

Parsing ecmascript source code failed @ http://localhost:3000/_next/static/chunks/01vs_next_dist_0f.3z~m._.js:1945
[  102201ms] [LOG] [Fast Refresh] rebuilding @ http://localhost:3000/_next/static/chunks/01vs_next_dist_0f.3z~m._.js:1226
[  102562ms] [ERROR] ./app/coming-soon/page.tsx:179:5
Expression expected
  177 |             </div>
  178 |       </div>
> 179 |     </main>
      |     ^
  180 |   )
  181 | }
  182 |

Parsing ecmascript source code failed @ http://localhost:3000/_next/static/chunks/01vs_next_dist_0f.3z~m._.js:1945
[  102562ms] [ERROR] ./app/coming-soon/page.tsx:179:6
Unterminated regexp literal
  177 |             </div>
  178 |       </div>
> 179 |     </main>
      |      ^^^^^^
  180 |   )
  181 | }
  182 |

Parsing ecmascript source code failed @ http://localhost:3000/_next/static/chunks/01vs_next_dist_0f.3z~m._.js:1945
[  102628ms] [LOG] [Fast Refresh] rebuilding @ http://localhost:3000/_next/static/chunks/01vs_next_dist_0f.3z~m._.js:1226
[  102764ms] [ERROR] ./app/coming-soon/page.tsx:179:5
Expression expected
  177 |             </div>
  178 |       </div>
> 179 |     </main>
      |     ^
  180 |   )
  181 | }
  182 |

Parsing ecmascript source code failed @ http://localhost:3000/_next/static/chunks/01vs_next_dist_0f.3z~m._.js:1945
[  102764ms] [ERROR] ./app/coming-soon/page.tsx:179:6
Unterminated regexp literal
  177 |             </div>
  178 |       </div>
> 179 |     </main>
      |      ^^^^^^
  180 |   )
  181 | }
  182 |

Parsing ecmascript source code failed @ http://localhost:3000/_next/static/chunks/01vs_next_dist_0f.3z~m._.js:1945
[  102830ms] [LOG] [Fast Refresh] rebuilding @ http://localhost:3000/_next/static/chunks/01vs_next_dist_0f.3z~m._.js:1226
[  103455ms] [ERROR] ./app/coming-soon/page.tsx:179:5
Expression expected
  177 |             </div>
  178 |       </div>
> 179 |     </main>
      |     ^
  180 |   )
  181 | }
  182 |

Parsing ecmascript source code failed @ http://localhost:3000/_next/static/chunks/01vs_next_dist_0f.3z~m._.js:1945
[  103455ms] [ERROR] ./app/coming-soon/page.tsx:179:6
Unterminated regexp literal
  177 |             </div>
  178 |       </div>
> 179 |     </main>
      |      ^^^^^^
  180 |   )
  181 | }
  182 |

Parsing ecmascript source code failed @ http://localhost:3000/_next/static/chunks/01vs_next_dist_0f.3z~m._.js:1945
[  103525ms] [LOG] [Fast Refresh] rebuilding @ http://localhost:3000/_next/static/chunks/01vs_next_dist_0f.3z~m._.js:1226
[  104032ms] [ERROR] ./app/coming-soon/page.tsx:179:5
Expression expected
  177 |             </div>
  178 |       </div>
> 179 |     </main>
      |     ^
  180 |   )
  181 | }
  182 |

Parsing ecmascript source code failed @ http://localhost:3000/_next/static/chunks/01vs_next_dist_0f.3z~m._.js:1945
[  104032ms] [ERROR] ./app/coming-soon/page.tsx:179:6
Unterminated regexp literal
  177 |             </div>
  178 |       </div>
> 179 |     </main>
      |      ^^^^^^
  180 |   )
  181 | }
  182 |

Parsing ecmascript source code failed @ http://localhost:3000/_next/static/chunks/01vs_next_dist_0f.3z~m._.js:1945
[  104093ms] [LOG] [Fast Refresh] rebuilding @ http://localhost:3000/_next/static/chunks/01vs_next_dist_0f.3z~m._.js:1226
[  104249ms] [ERROR] ./app/coming-soon/page.tsx:179:5
Expression expected
  177 |             </div>
  178 |       </div>
> 179 |     </main>
      |     ^
  180 |   )
  181 | }
  182 |

Parsing ecmascript source code failed @ http://localhost:3000/_next/static/chunks/01vs_next_dist_0f.3z~m._.js:1945
[  104249ms] [ERROR] ./app/coming-soon/page.tsx:179:6
Unterminated regexp literal
  177 |             </div>
  178 |       </div>
> 179 |     </main>
      |      ^^^^^^
  180 |   )
  181 | }
  182 |

Parsing ecmascript source code failed @ http://localhost:3000/_next/static/chunks/01vs_next_dist_0f.3z~m._.js:1945
[  104314ms] [LOG] [Fast Refresh] rebuilding @ http://localhost:3000/_next/static/chunks/01vs_next_dist_0f.3z~m._.js:1226
[  105334ms] [ERROR] ./app/coming-soon/page.tsx:179:5
Expression expected
  177 |             </div>
  178 |       </div>
> 179 |     </main>
      |     ^
  180 |   )
  181 | }
  182 |

Parsing ecmascript source code failed @ http://localhost:3000/_next/static/chunks/01vs_next_dist_0f.3z~m._.js:1945
[  105334ms] [ERROR] ./app/coming-soon/page.tsx:179:6
Unterminated regexp literal
  177 |             </div>
  178 |       </div>
> 179 |     </main>
      |      ^^^^^^
  180 |   )
  181 | }
  182 |

Parsing ecmascript source code failed @ http://localhost:3000/_next/static/chunks/01vs_next_dist_0f.3z~m._.js:1945
[  105404ms] [LOG] [Fast Refresh] rebuilding @ http://localhost:3000/_next/static/chunks/01vs_next_dist_0f.3z~m._.js:1226
[  131982ms] [LOG] [Fast Refresh] rebuilding @ http://localhost:3000/_next/static/chunks/01vs_next_dist_0f.3z~m._.js:1226
[  132039ms] [LOG] [Fast Refresh] done in 31ms @ http://localhost:3000/_next/static/chunks/01vs_next_dist_0f.3z~m._.js:1226
[  132106ms] [INFO] %cDownload the React DevTools for a better development experience: https://react.dev/link/react-devtools font-weight:bold @ http://localhost:3000/_next/static/chunks/01vs_next_dist_0z7rf41._.js:2477
[  132165ms] [LOG] [HMR] connected @ http://localhost:3000/_next/static/chunks/01vs_next_dist_0z7rf41._.js:2477
[  132421ms] [WARNING] Image with src "/coming-soon-3d.gif" was detected as the Largest Contentful Paint (LCP). Please add the `loading="eager"` property if this image is above the fold.
Read more: https://nextjs.org/docs/app/api-reference/components/image#loading @ http://localhost:3000/_next/static/chunks/01vs_next_dist_0z7rf41._.js:2477
[  141511ms] [ERROR] ./app/coming-soon/page.tsx:179:9
Expression expected
  177 |             </div>
  178 |           </div>
> 179 |         </main>
      |         ^
  180 |   )
  181 | }
  182 |

Parsing ecmascript source code failed @ http://localhost:3000/_next/static/chunks/01vs_next_dist_0z7rf41._.js:3318
[  141511ms] [ERROR] ./app/coming-soon/page.tsx:179:10
Unterminated regexp literal
  177 |             </div>
  178 |           </div>
> 179 |         </main>
      |          ^^^^^^
  180 |   )
  181 | }
  182 |

Parsing ecmascript source code failed @ http://localhost:3000/_next/static/chunks/01vs_next_dist_0z7rf41._.js:3318
[  141539ms] [LOG] [Fast Refresh] rebuilding @ http://localhost:3000/_next/static/chunks/01vs_next_dist_0z7rf41._.js:2477
[  192108ms] [ERROR] ./app/coming-soon/page.tsx:179:9
Expression expected
  177 |             </div>
  178 |           </div>
> 179 |         </main>
      |         ^
  180 |   )
  181 | }
  182 |

Parsing ecmascript source code failed @ http://localhost:3000/_next/static/chunks/01vs_next_dist_0z7rf41._.js:3318
[  192109ms] [ERROR] ./app/coming-soon/page.tsx:179:10
Unterminated regexp literal
  177 |             </div>
  178 |           </div>
> 179 |         </main>
      |          ^^^^^^
  180 |   )
  181 | }
  182 |

Parsing ecmascript source code failed @ http://localhost:3000/_next/static/chunks/01vs_next_dist_0z7rf41._.js:3318
[  192163ms] [LOG] [Fast Refresh] rebuilding @ http://localhost:3000/_next/static/chunks/01vs_next_dist_0z7rf41._.js:2477
[  192659ms] [ERROR] ./app/coming-soon/page.tsx:179:9
Expression expected
  177 |             </div>
  178 |           </div>
> 179 |         </main>
      |         ^
  180 |   )
  181 | }
  182 |

Parsing ecmascript source code failed @ http://localhost:3000/_next/static/chunks/01vs_next_dist_0z7rf41._.js:3318
[  192659ms] [ERROR] ./app/coming-soon/page.tsx:179:10
Unterminated regexp literal
  177 |             </div>
  178 |           </div>
> 179 |         </main>
      |          ^^^^^^
  180 |   )
  181 | }
  182 |

Parsing ecmascript source code failed @ http://localhost:3000/_next/static/chunks/01vs_next_dist_0z7rf41._.js:3318
[  192726ms] [LOG] [Fast Refresh] rebuilding @ http://localhost:3000/_next/static/chunks/01vs_next_dist_0z7rf41._.js:2477
[  285620ms] [LOG] [Fast Refresh] rebuilding @ http://localhost:3000/_next/static/chunks/01vs_next_dist_0z7rf41._.js:2477
[  285662ms] [LOG] [Fast Refresh] done in 31ms @ http://localhost:3000/_next/static/chunks/01vs_next_dist_0z7rf41._.js:2477
