[     145ms] [INFO] %cDownload the React DevTools for a better development experience: https://react.dev/link/react-devtools font-weight:bold @ http://localhost:3000/_next/static/chunks/01vs_next_dist_0z7rf41._.js:2477
[     172ms] [LOG] [HMR] connected @ http://localhost:3000/_next/static/chunks/01vs_next_dist_0z7rf41._.js:2477
[     227ms] [WARNING] Image with src "/coming-soon-3d.gif" was detected as the Largest Contentful Paint (LCP). Please add the `loading="eager"` property if this image is above the fold.
Read more: https://nextjs.org/docs/app/api-reference/components/image#loading @ http://localhost:3000/_next/static/chunks/01vs_next_dist_0z7rf41._.js:2477
[   18213ms] [LOG] [Fast Refresh] rebuilding @ http://localhost:3000/_next/static/chunks/01vs_next_dist_0z7rf41._.js:2477
[   18285ms] [LOG] [Fast Refresh] done in 48ms @ http://localhost:3000/_next/static/chunks/01vs_next_dist_0z7rf41._.js:2477
[   41873ms] [LOG] [Fast Refresh] rebuilding @ http://localhost:3000/_next/static/chunks/01vs_next_dist_0z7rf41._.js:2477
[   41964ms] [LOG] [Fast Refresh] done in 93ms @ http://localhost:3000/_next/static/chunks/01vs_next_dist_0z7rf41._.js:2477
[   59257ms] [LOG] [Fast Refresh] rebuilding @ http://localhost:3000/_next/static/chunks/01vs_next_dist_0z7rf41._.js:2477
[   59298ms] [LOG] [Fast Refresh] done in 43ms @ http://localhost:3000/_next/static/chunks/01vs_next_dist_0z7rf41._.js:2477
[   98873ms] [LOG] [Fast Refresh] rebuilding @ http://localhost:3000/_next/static/chunks/01vs_next_dist_0z7rf41._.js:2477
[   99193ms] [LOG] [Fast Refresh] done in 86ms @ http://localhost:3000/_next/static/chunks/01vs_next_dist_0z7rf41._.js:2477
[   99210ms] [WARNING] [Fast Refresh] performing full reload

Fast Refresh will perform a full reload when you edit a file that's imported by modules outside of the React rendering tree.
You might have a file which exports a React component but also exports a value that is imported by a non-React component file.
Consider migrating the non-React component export to a separate file and importing it into both files.

It is also possible the parent component of the component you edited is a class component, which disables Fast Refresh.
Fast Refresh requires at least one parent function component in your React tree. @ http://localhost:3000/_next/static/chunks/01vs_next_dist_0z7rf41._.js:2477
[   99475ms] [LOG] [Fast Refresh] rebuilding @ http://localhost:3000/_next/static/chunks/01vs_next_dist_0z7rf41._.js:2477
[   99528ms] [LOG] [Fast Refresh] done in 153ms @ http://localhost:3000/_next/static/chunks/01vs_next_dist_0z7rf41._.js:2477
[   99659ms] [INFO] %cDownload the React DevTools for a better development experience: https://react.dev/link/react-devtools font-weight:bold @ http://localhost:3000/_next/static/chunks/01vs_next_dist_0z7rf41._.js:2477
[   99699ms] [LOG] [HMR] connected @ http://localhost:3000/_next/static/chunks/01vs_next_dist_0z7rf41._.js:2477
[   99756ms] [WARNING] Image with src "/coming-soon-3d.gif" was detected as the Largest Contentful Paint (LCP). Please add the `loading="eager"` property if this image is above the fold.
Read more: https://nextjs.org/docs/app/api-reference/components/image#loading @ http://localhost:3000/_next/static/chunks/01vs_next_dist_0z7rf41._.js:2477
[  115120ms] [LOG] [Fast Refresh] rebuilding @ http://localhost:3000/_next/static/chunks/01vs_next_dist_0z7rf41._.js:2477
[  115364ms] [LOG] [Fast Refresh] done in 94ms @ http://localhost:3000/_next/static/chunks/01vs_next_dist_0z7rf41._.js:2477
[  115380ms] [WARNING] [Fast Refresh] performing full reload

Fast Refresh will perform a full reload when you edit a file that's imported by modules outside of the React rendering tree.
You might have a file which exports a React component but also exports a value that is imported by a non-React component file.
Consider migrating the non-React component export to a separate file and importing it into both files.

It is also possible the parent component of the component you edited is a class component, which disables Fast Refresh.
Fast Refresh requires at least one parent function component in your React tree. @ http://localhost:3000/_next/static/chunks/01vs_next_dist_0z7rf41._.js:2477
[  115575ms] [LOG] [Fast Refresh] rebuilding @ http://localhost:3000/_next/static/chunks/01vs_next_dist_0z7rf41._.js:2477
[  115586ms] [LOG] [Fast Refresh] done in 112ms @ http://localhost:3000/_next/static/chunks/01vs_next_dist_0z7rf41._.js:2477
[  115825ms] [INFO] %cDownload the React DevTools for a better development experience: https://react.dev/link/react-devtools font-weight:bold @ http://localhost:3000/_next/static/chunks/01vs_next_dist_0z7rf41._.js:2477
[  115858ms] [LOG] [HMR] connected @ http://localhost:3000/_next/static/chunks/01vs_next_dist_0z7rf41._.js:2477
[  115917ms] [WARNING] Image with src "/coming-soon-3d.gif" was detected as the Largest Contentful Paint (LCP). Please add the `loading="eager"` property if this image is above the fold.
Read more: https://nextjs.org/docs/app/api-reference/components/image#loading @ http://localhost:3000/_next/static/chunks/01vs_next_dist_0z7rf41._.js:2477
[  149936ms] [LOG] [Fast Refresh] rebuilding @ http://localhost:3000/_next/static/chunks/01vs_next_dist_0z7rf41._.js:2477
[  149980ms] [LOG] [Fast Refresh] done in 27ms @ http://localhost:3000/_next/static/chunks/01vs_next_dist_0z7rf41._.js:2477
[  200463ms] [LOG] [Fast Refresh] rebuilding @ http://localhost:3000/_next/static/chunks/01vs_next_dist_0z7rf41._.js:2477
[  200751ms] [WARNING] [Fast Refresh] performing full reload

Fast Refresh will perform a full reload when you edit a file that's imported by modules outside of the React rendering tree.
You might have a file which exports a React component but also exports a value that is imported by a non-React component file.
Consider migrating the non-React component export to a separate file and importing it into both files.

It is also possible the parent component of the component you edited is a class component, which disables Fast Refresh.
Fast Refresh requires at least one parent function component in your React tree. @ http://localhost:3000/_next/static/chunks/01vs_next_dist_0z7rf41._.js:2477
[  200754ms] [LOG] [Fast Refresh] done in 294ms @ http://localhost:3000/_next/static/chunks/01vs_next_dist_0z7rf41._.js:2477
[  200936ms] [LOG] [Fast Refresh] rebuilding @ http://localhost:3000/_next/static/chunks/01vs_next_dist_0z7rf41._.js:2477
[  200950ms] [LOG] [Fast Refresh] done in 115ms @ http://localhost:3000/_next/static/chunks/01vs_next_dist_0z7rf41._.js:2477
[  201173ms] [INFO] %cDownload the React DevTools for a better development experience: https://react.dev/link/react-devtools font-weight:bold @ http://localhost:3000/_next/static/chunks/01vs_next_dist_0z7rf41._.js:2477
[  201204ms] [LOG] [HMR] connected @ http://localhost:3000/_next/static/chunks/01vs_next_dist_0z7rf41._.js:2477
[  201256ms] [WARNING] Image with src "/coming-soon-3d.gif" was detected as the Largest Contentful Paint (LCP). Please add the `loading="eager"` property if this image is above the fold.
Read more: https://nextjs.org/docs/app/api-reference/components/image#loading @ http://localhost:3000/_next/static/chunks/01vs_next_dist_0z7rf41._.js:2477
[  801784ms] [LOG] [Fast Refresh] rebuilding @ http://localhost:3000/_next/static/chunks/01vs_next_dist_0z7rf41._.js:2477
[  801867ms] [LOG] [Fast Refresh] done in 76ms @ http://localhost:3000/_next/static/chunks/01vs_next_dist_0z7rf41._.js:2477
