[      95ms] [INFO] %cDownload the React DevTools for a better development experience: https://react.dev/link/react-devtools font-weight:bold @ http://localhost:3000/_next/static/chunks/01vs_next_dist_0z7rf41._.js:2477
[     117ms] [LOG] [HMR] connected @ http://localhost:3000/_next/static/chunks/01vs_next_dist_0z7rf41._.js:2477
[     167ms] [WARNING] Image with src "/coming-soon-3d.gif" was detected as the Largest Contentful Paint (LCP). Please add the `loading="eager"` property if this image is above the fold.
Read more: https://nextjs.org/docs/app/api-reference/components/image#loading @ http://localhost:3000/_next/static/chunks/01vs_next_dist_0z7rf41._.js:2477
[  101205ms] [LOG] [Fast Refresh] rebuilding @ http://localhost:3000/_next/static/chunks/01vs_next_dist_0z7rf41._.js:2477
[  101255ms] [ERROR] ./app/coming-soon/page.tsx:154:11
Expected corresponding JSX closing tag for <main>
  152 |               </div>
  153 |             </div>
> 154 |         </div>
      |           ^^^
  155 |
  156 |             {/* RIGHT COLUMN — 3D GIF, Description, Stay tuned */}
  157 |             <div className="flex flex-col">

Parsing ecmascript source code failed @ http://localhost:3000/_next/static/chunks/01vs_next_dist_0z7rf41._.js:3318
[  101314ms] [ERROR] ./app/coming-soon/page.tsx:154:11
Expected corresponding JSX closing tag for <main>
  152 |               </div>
  153 |             </div>
> 154 |         </div>
      |           ^^^
  155 |
  156 |             {/* RIGHT COLUMN — 3D GIF, Description, Stay tuned */}
  157 |             <div className="flex flex-col">

Parsing ecmascript source code failed @ http://localhost:3000/_next/static/chunks/01vs_next_dist_0z7rf41._.js:3318
[  101378ms] [LOG] [Fast Refresh] rebuilding @ http://localhost:3000/_next/static/chunks/01vs_next_dist_0z7rf41._.js:2477
[  110346ms] [ERROR] ./app/coming-soon/page.tsx:154:11
Expected corresponding JSX closing tag for <main>
  152 |               </div>
  153 |             </div>
> 154 |         </div>
      |           ^^^
  155 |
  156 |             {/* RIGHT COLUMN — 3D GIF, Description, Stay tuned */}
  157 |             <div className="flex flex-col">

Parsing ecmascript source code failed @ http://localhost:3000/_next/static/chunks/01vs_next_dist_0z7rf41._.js:3318
[  110448ms] [LOG] [Fast Refresh] rebuilding @ http://localhost:3000/_next/static/chunks/01vs_next_dist_0z7rf41._.js:2477
[  112361ms] [ERROR] ./app/coming-soon/page.tsx:154:11
Expected corresponding JSX closing tag for <main>
  152 |               </div>
  153 |             </div>
> 154 |         </div>
      |           ^^^
  155 |
  156 |             {/* RIGHT COLUMN — 3D GIF, Description, Stay tuned */}
  157 |             <div className="flex flex-col">

Parsing ecmascript source code failed @ http://localhost:3000/_next/static/chunks/01vs_next_dist_0z7rf41._.js:3318
